app/index.tsx(6,8): error TS1259: Module '"C:/iglesia-app/node_modules/@types/react/index"' can only be default-imported using the 'esModuleInterop' flag
app/index.tsx(29,35): error TS2322: Type 'Promise<{ shouldShowAlert: true; shouldPlaySound: true; shouldSetBadge: false; }>' is not assignable to type 'Promise<NotificationBehavior>'.
  Type '{ shouldShowAlert: true; shouldPlaySound: true; shouldSetBadge: false; }' is missing the following properties from type 'NotificationBehavior': shouldShowBanner, shouldShowList
app/index.tsx(370,23): error TS17004: Cannot use JSX unless the '--jsx' flag is provided.
app/index.tsx(370,51): error TS17004: Cannot use JSX unless the '--jsx' flag is provided.
app/index.tsx(374,7): error TS17004: Cannot use JSX unless the '--jsx' flag is provided.
app/index.tsx(375,9): error TS17004: Cannot use JSX unless the '--jsx' flag is provided.
app/index.tsx(376,9): error TS17004: Cannot use JSX unless the '--jsx' flag is provided.
app/index.tsx(377,11): error TS17004: Cannot use JSX unless the '--jsx' flag is provided.
app/index.tsx(378,11): error TS17004: Cannot use JSX unless the '--jsx' flag is provided.
app/index.tsx(379,11): error TS17004: Cannot use JSX unless the '--jsx' flag is provided.
app/index.tsx(380,11): error TS17004: Cannot use JSX unless the '--jsx' flag is provided.
app/index.tsx(381,11): error TS17004: Cannot use JSX unless the '--jsx' flag is provided.
app/index.tsx(382,11): error TS17004: Cannot use JSX unless the '--jsx' flag is provided.
app/index.tsx(383,13): error TS17004: Cannot use JSX unless the '--jsx' flag is provided.
app/index.tsx(391,5): error TS17004: Cannot use JSX unless the '--jsx' flag is provided.
app/index.tsx(392,7): error TS17004: Cannot use JSX unless the '--jsx' flag is provided.
app/index.tsx(395,7): error TS17004: Cannot use JSX unless the '--jsx' flag is provided.
app/index.tsx(396,9): error TS17004: Cannot use JSX unless the '--jsx' flag is provided.
app/index.tsx(397,11): error TS17004: Cannot use JSX unless the '--jsx' flag is provided.
app/index.tsx(398,11): error TS17004: Cannot use JSX unless the '--jsx' flag is provided.
app/index.tsx(398,50): error TS17004: Cannot use JSX unless the '--jsx' flag is provided.
app/index.tsx(400,9): error TS17004: Cannot use JSX unless the '--jsx' flag is provided.
app/index.tsx(401,9): error TS17004: Cannot use JSX unless the '--jsx' flag is provided.
app/index.tsx(402,9): error TS17004: Cannot use JSX unless the '--jsx' flag is provided.
app/index.tsx(403,9): error TS17004: Cannot use JSX unless the '--jsx' flag is provided.
app/index.tsx(405,9): error TS17004: Cannot use JSX unless the '--jsx' flag is provided.
app/index.tsx(406,11): error TS17004: Cannot use JSX unless the '--jsx' flag is provided.
app/index.tsx(409,9): error TS17004: Cannot use JSX unless the '--jsx' flag is provided.
app/index.tsx(410,11): error TS17004: Cannot use JSX unless the '--jsx' flag is provided.
app/index.tsx(414,7): error TS17004: Cannot use JSX unless the '--jsx' flag is provided.
app/index.tsx(415,9): error TS17004: Cannot use JSX unless the '--jsx' flag is provided.
app/index.tsx(415,48): error TS17004: Cannot use JSX unless the '--jsx' flag is provided.
app/index.tsx(416,9): error TS17004: Cannot use JSX unless the '--jsx' flag is provided.
app/index.tsx(417,11): error TS17004: Cannot use JSX unless the '--jsx' flag is provided.
app/index.tsx(418,11): error TS17004: Cannot use JSX unless the '--jsx' flag is provided.
app/index.tsx(420,9): error TS17004: Cannot use JSX unless the '--jsx' flag is provided.
app/index.tsx(420,41): error TS17004: Cannot use JSX unless the '--jsx' flag is provided.
app/index.tsx(424,9): error TS17004: Cannot use JSX unless the '--jsx' flag is provided.
app/index.tsx(425,11): error TS17004: Cannot use JSX unless the '--jsx' flag is provided.
app/index.tsx(426,13): error TS2769: No overload matches this call.
  Overload 1 of 2, '(props: FlatListProps<{ id: string; title: string; image: string; url: string; screen?: undefined; } | { id: string; title: string; image: string; screen: string; url?: undefined; }>): FlatList<...>', gave the following error.
    Type '{ ref: RefObject<any>; data: ({ id: string; title: string; image: string; url: string; screen?: undefined; } | { id: string; title: string; image: string; screen: string; url?: undefined; })[]; horizontal: true; pagingEnabled: true; keyExtractor: (item: { ...; } | { ...; }) => string; showsHorizontalScrollIndicator:...' is not assignable to type 'FlatListProps<{ id: string; title: string; image: string; url: string; screen?: undefined; } | { id: string; title: string; image: string; screen: string; url?: undefined; }>'.
      Property 'ref' does not exist on type 'FlatListProps<{ id: string; title: string; image: string; url: string; screen?: undefined; } | { id: string; title: string; image: string; screen: string; url?: undefined; }>'.
  Overload 2 of 2, '(props: FlatListProps<{ id: string; title: string; image: string; url: string; screen?: undefined; } | { id: string; title: string; image: string; screen: string; url?: undefined; }>, context: any): FlatList<...>', gave the following error.
    Type '{ ref: RefObject<any>; data: ({ id: string; title: string; image: string; url: string; screen?: undefined; } | { id: string; title: string; image: string; screen: string; url?: undefined; })[]; horizontal: true; pagingEnabled: true; keyExtractor: (item: { ...; } | { ...; }) => string; showsHorizontalScrollIndicator:...' is not assignable to type 'FlatListProps<{ id: string; title: string; image: string; url: string; screen?: undefined; } | { id: string; title: string; image: string; screen: string; url?: undefined; }>'.
      Property 'ref' does not exist on type 'FlatListProps<{ id: string; title: string; image: string; url: string; screen?: undefined; } | { id: string; title: string; image: string; screen: string; url?: undefined; }>'.
app/index.tsx(429,15): error TS17004: Cannot use JSX unless the '--jsx' flag is provided.
app/index.tsx(430,17): error TS17004: Cannot use JSX unless the '--jsx' flag is provided.
app/index.tsx(431,19): error TS17004: Cannot use JSX unless the '--jsx' flag is provided.
app/index.tsx(431,53): error TS17004: Cannot use JSX unless the '--jsx' flag is provided.
app/index.tsx(437,11): error TS17004: Cannot use JSX unless the '--jsx' flag is provided.
app/index.tsx(438,13): error TS17004: Cannot use JSX unless the '--jsx' flag is provided.
app/index.tsx(439,13): error TS17004: Cannot use JSX unless the '--jsx' flag is provided.
app/index.tsx(441,17): error TS17004: Cannot use JSX unless the '--jsx' flag is provided.
app/index.tsx(441,23): error TS2769: No overload matches this call.
  Overload 1 of 2, '(props: TextProps): Text', gave the following error.
    Type '{ key: number; style: { fontSize: number; marginHorizontal: number; }; }' is not assignable to type 'TextProps'.
      Property 'key' does not exist on type 'TextProps'.
  Overload 2 of 2, '(props: TextProps, context: any): Text', gave the following error.
    Type '{ key: number; style: { fontSize: number; marginHorizontal: number; }; }' is not assignable to type 'TextProps'.
      Property 'key' does not exist on type 'TextProps'.
app/index.tsx(444,13): error TS17004: Cannot use JSX unless the '--jsx' flag is provided.
app/index.tsx(445,13): error TS17004: Cannot use JSX unless the '--jsx' flag is provided.
app/index.tsx(446,15): error TS17004: Cannot use JSX unless the '--jsx' flag is provided.
app/index.tsx(447,17): error TS17004: Cannot use JSX unless the '--jsx' flag is provided.
app/index.tsx(448,17): error TS17004: Cannot use JSX unless the '--jsx' flag is provided.
app/index.tsx(450,15): error TS17004: Cannot use JSX unless the '--jsx' flag is provided.
app/index.tsx(451,17): error TS17004: Cannot use JSX unless the '--jsx' flag is provided.
app/index.tsx(452,17): error TS17004: Cannot use JSX unless the '--jsx' flag is provided.
app/index.tsx(457,11): error TS17004: Cannot use JSX unless the '--jsx' flag is provided.
app/index.tsx(458,13): error TS17004: Cannot use JSX unless the '--jsx' flag is provided.
app/index.tsx(459,15): error TS17004: Cannot use JSX unless the '--jsx' flag is provided.
app/index.tsx(459,16): error TS2741: Property 'isMCI' is missing in type '{ title: string; icon: string; image: string; onPress: () => void; }' but required in type '{ title: any; icon: any; image: any; onPress: any; isMCI: any; }'.
app/index.tsx(460,15): error TS17004: Cannot use JSX unless the '--jsx' flag is provided.
app/index.tsx(460,16): error TS2741: Property 'isMCI' is missing in type '{ title: string; icon: string; image: string; onPress: () => Promise<any>; }' but required in type '{ title: any; icon: any; image: any; onPress: any; isMCI: any; }'.
app/index.tsx(462,13): error TS17004: Cannot use JSX unless the '--jsx' flag is provided.
app/index.tsx(463,15): error TS17004: Cannot use JSX unless the '--jsx' flag is provided.
app/index.tsx(463,16): error TS2741: Property 'isMCI' is missing in type '{ title: string; icon: string; image: string; onPress: () => void; }' but required in type '{ title: any; icon: any; image: any; onPress: any; isMCI: any; }'.
app/index.tsx(464,15): error TS17004: Cannot use JSX unless the '--jsx' flag is provided.
app/index.tsx(466,13): error TS17004: Cannot use JSX unless the '--jsx' flag is provided.
app/index.tsx(467,15): error TS17004: Cannot use JSX unless the '--jsx' flag is provided.
app/index.tsx(467,16): error TS2741: Property 'isMCI' is missing in type '{ title: string; icon: string; image: string; onPress: () => void; }' but required in type '{ title: any; icon: any; image: any; onPress: any; isMCI: any; }'.
app/index.tsx(468,15): error TS17004: Cannot use JSX unless the '--jsx' flag is provided.
app/index.tsx(468,16): error TS2741: Property 'isMCI' is missing in type '{ title: string; icon: string; image: string; onPress: () => void; }' but required in type '{ title: any; icon: any; image: any; onPress: any; isMCI: any; }'.
app/index.tsx(470,13): error TS17004: Cannot use JSX unless the '--jsx' flag is provided.
app/index.tsx(471,15): error TS17004: Cannot use JSX unless the '--jsx' flag is provided.
app/index.tsx(472,15): error TS17004: Cannot use JSX unless the '--jsx' flag is provided.
app/index.tsx(474,13): error TS17004: Cannot use JSX unless the '--jsx' flag is provided.
app/index.tsx(475,15): error TS17004: Cannot use JSX unless the '--jsx' flag is provided.
app/index.tsx(475,16): error TS2741: Property 'isMCI' is missing in type '{ title: string; icon: string; image: string; onPress: () => void; }' but required in type '{ title: any; icon: any; image: any; onPress: any; isMCI: any; }'.
app/index.tsx(476,15): error TS17004: Cannot use JSX unless the '--jsx' flag is provided.
app/index.tsx(476,16): error TS2741: Property 'isMCI' is missing in type '{ title: string; icon: string; image: string; onPress: () => Promise<void>; }' but required in type '{ title: any; icon: any; image: any; onPress: any; isMCI: any; }'.
app/index.tsx(480,11): error TS17004: Cannot use JSX unless the '--jsx' flag is provided.
app/index.tsx(484,13): error TS17004: Cannot use JSX unless the '--jsx' flag is provided.
app/index.tsx(487,11): error TS17004: Cannot use JSX unless the '--jsx' flag is provided.
app/index.tsx(488,13): error TS17004: Cannot use JSX unless the '--jsx' flag is provided.
app/index.tsx(489,15): error TS17004: Cannot use JSX unless the '--jsx' flag is provided.
app/index.tsx(490,15): error TS17004: Cannot use JSX unless the '--jsx' flag is provided.
app/index.tsx(493,13): error TS17004: Cannot use JSX unless the '--jsx' flag is provided.
app/index.tsx(494,13): error TS17004: Cannot use JSX unless the '--jsx' flag is provided.
app/index.tsx(495,15): error TS17004: Cannot use JSX unless the '--jsx' flag is provided.
app/index.tsx(495,135): error TS17004: Cannot use JSX unless the '--jsx' flag is provided.
app/index.tsx(496,15): error TS17004: Cannot use JSX unless the '--jsx' flag is provided.
app/index.tsx(496,137): error TS17004: Cannot use JSX unless the '--jsx' flag is provided.
app/index.tsx(497,15): error TS17004: Cannot use JSX unless the '--jsx' flag is provided.
app/index.tsx(498,17): error TS17004: Cannot use JSX unless the '--jsx' flag is provided.
app/index.tsx(500,15): error TS17004: Cannot use JSX unless the '--jsx' flag is provided.
app/index.tsx(500,134): error TS17004: Cannot use JSX unless the '--jsx' flag is provided.
app/index.tsx(505,9): error TS17004: Cannot use JSX unless the '--jsx' flag is provided.
app/index.tsx(506,11): error TS17004: Cannot use JSX unless the '--jsx' flag is provided.
app/index.tsx(507,13): error TS17004: Cannot use JSX unless the '--jsx' flag is provided.
app/index.tsx(507,72): error TS17004: Cannot use JSX unless the '--jsx' flag is provided.
app/index.tsx(512,13): error TS17004: Cannot use JSX unless the '--jsx' flag is provided.
app/index.tsx(513,15): error TS17004: Cannot use JSX unless the '--jsx' flag is provided.
app/index.tsx(514,15): error TS17004: Cannot use JSX unless the '--jsx' flag is provided.
app/index.tsx(515,17): error TS17004: Cannot use JSX unless the '--jsx' flag is provided.
app/index.tsx(523,17): error TS17004: Cannot use JSX unless the '--jsx' flag is provided.
app/index.tsx(524,19): error TS17004: Cannot use JSX unless the '--jsx' flag is provided.
app/index.tsx(528,15): error TS17004: Cannot use JSX unless the '--jsx' flag is provided.
app/index.tsx(530,19): error TS17004: Cannot use JSX unless the '--jsx' flag is provided.
app/index.tsx(533,21): error TS17004: Cannot use JSX unless the '--jsx' flag is provided.
app/index.tsx(533,27): error TS2769: No overload matches this call.
  Overload 1 of 2, '(props: ViewProps): View', gave the following error.
    Type '{ key: number; style: { backgroundColor: string; padding: number; borderRadius: number; marginBottom: number; borderWidth: number; borderColor: string; }; }' is not assignable to type 'ViewProps'.
      Property 'key' does not exist on type 'ViewProps'.
  Overload 2 of 2, '(props: ViewProps, context: any): View', gave the following error.
    Type '{ key: number; style: { backgroundColor: string; padding: number; borderRadius: number; marginBottom: number; borderWidth: number; borderColor: string; }; }' is not assignable to type 'ViewProps'.
      Property 'key' does not exist on type 'ViewProps'.
app/index.tsx(534,23): error TS17004: Cannot use JSX unless the '--jsx' flag is provided.
app/index.tsx(535,25): error TS17004: Cannot use JSX unless the '--jsx' flag is provided.
app/index.tsx(536,27): error TS17004: Cannot use JSX unless the '--jsx' flag is provided.
app/index.tsx(537,27): error TS17004: Cannot use JSX unless the '--jsx' flag is provided.
app/index.tsx(539,25): error TS17004: Cannot use JSX unless the '--jsx' flag is provided.
app/index.tsx(541,25): error TS17004: Cannot use JSX unless the '--jsx' flag is provided.
app/index.tsx(543,25): error TS17004: Cannot use JSX unless the '--jsx' flag is provided.
app/index.tsx(544,27): error TS17004: Cannot use JSX unless the '--jsx' flag is provided.
app/index.tsx(545,27): error TS17004: Cannot use JSX unless the '--jsx' flag is provided.
app/index.tsx(548,25): error TS17004: Cannot use JSX unless the '--jsx' flag is provided.
app/index.tsx(549,27): error TS17004: Cannot use JSX unless the '--jsx' flag is provided.
app/index.tsx(550,29): error TS17004: Cannot use JSX unless the '--jsx' flag is provided.
app/index.tsx(551,29): error TS17004: Cannot use JSX unless the '--jsx' flag is provided.
app/index.tsx(564,13): error TS17004: Cannot use JSX unless the '--jsx' flag is provided.
app/index.tsx(565,15): error TS17004: Cannot use JSX unless the '--jsx' flag is provided.
app/index.tsx(566,15): error TS17004: Cannot use JSX unless the '--jsx' flag is provided.
app/index.tsx(567,17): error TS17004: Cannot use JSX unless the '--jsx' flag is provided.
app/index.tsx(567,76): error TS17004: Cannot use JSX unless the '--jsx' flag is provided.
app/index.tsx(567,109): error TS17004: Cannot use JSX unless the '--jsx' flag is provided.
app/index.tsx(567,175): error TS17004: Cannot use JSX unless the '--jsx' flag is provided.
app/index.tsx(569,15): error TS17004: Cannot use JSX unless the '--jsx' flag is provided.
app/index.tsx(570,17): error TS17004: Cannot use JSX unless the '--jsx' flag is provided.
app/index.tsx(571,17): error TS17004: Cannot use JSX unless the '--jsx' flag is provided.
app/index.tsx(573,15): error TS17004: Cannot use JSX unless the '--jsx' flag is provided.
app/index.tsx(574,17): error TS17004: Cannot use JSX unless the '--jsx' flag is provided.
app/index.tsx(575,17): error TS17004: Cannot use JSX unless the '--jsx' flag is provided.
app/index.tsx(575,69): error TS17004: Cannot use JSX unless the '--jsx' flag is provided.
app/index.tsx(576,17): error TS17004: Cannot use JSX unless the '--jsx' flag is provided.
app/index.tsx(576,61): error TS17004: Cannot use JSX unless the '--jsx' flag is provided.
app/index.tsx(577,17): error TS17004: Cannot use JSX unless the '--jsx' flag is provided.
app/index.tsx(583,13): error TS17004: Cannot use JSX unless the '--jsx' flag is provided.
app/index.tsx(584,15): error TS17004: Cannot use JSX unless the '--jsx' flag is provided.
app/index.tsx(585,15): error TS17004: Cannot use JSX unless the '--jsx' flag is provided.
app/index.tsx(586,15): error TS17004: Cannot use JSX unless the '--jsx' flag is provided.
app/index.tsx(587,15): error TS17004: Cannot use JSX unless the '--jsx' flag is provided.
app/index.tsx(588,15): error TS17004: Cannot use JSX unless the '--jsx' flag is provided.
app/index.tsx(589,17): error TS17004: Cannot use JSX unless the '--jsx' flag is provided.
app/index.tsx(595,13): error TS17004: Cannot use JSX unless the '--jsx' flag is provided.
app/index.tsx(596,15): error TS17004: Cannot use JSX unless the '--jsx' flag is provided.
app/index.tsx(597,15): error TS17004: Cannot use JSX unless the '--jsx' flag is provided.
app/index.tsx(598,15): error TS17004: Cannot use JSX unless the '--jsx' flag is provided.
app/index.tsx(599,15): error TS17004: Cannot use JSX unless the '--jsx' flag is provided.
app/index.tsx(600,17): error TS17004: Cannot use JSX unless the '--jsx' flag is provided.
app/index.tsx(607,13): error TS17004: Cannot use JSX unless the '--jsx' flag is provided.
app/index.tsx(608,15): error TS17004: Cannot use JSX unless the '--jsx' flag is provided.
app/index.tsx(609,15): error TS17004: Cannot use JSX unless the '--jsx' flag is provided.
app/index.tsx(609,44): error TS17004: Cannot use JSX unless the '--jsx' flag is provided.
app/index.tsx(609,106): error TS17004: Cannot use JSX unless the '--jsx' flag is provided.
app/index.tsx(610,15): error TS17004: Cannot use JSX unless the '--jsx' flag is provided.
app/index.tsx(610,44): error TS17004: Cannot use JSX unless the '--jsx' flag is provided.
app/index.tsx(610,106): error TS17004: Cannot use JSX unless the '--jsx' flag is provided.
app/index.tsx(611,15): error TS17004: Cannot use JSX unless the '--jsx' flag is provided.
app/index.tsx(611,44): error TS17004: Cannot use JSX unless the '--jsx' flag is provided.
app/index.tsx(611,97): error TS17004: Cannot use JSX unless the '--jsx' flag is provided.
app/index.tsx(616,13): error TS17004: Cannot use JSX unless the '--jsx' flag is provided.
app/index.tsx(617,15): error TS17004: Cannot use JSX unless the '--jsx' flag is provided.
app/index.tsx(618,15): error TS17004: Cannot use JSX unless the '--jsx' flag is provided.
app/index.tsx(619,17): error TS17004: Cannot use JSX unless the '--jsx' flag is provided.
app/index.tsx(620,17): error TS17004: Cannot use JSX unless the '--jsx' flag is provided.
app/index.tsx(623,17): error TS17004: Cannot use JSX unless the '--jsx' flag is provided.
app/index.tsx(625,21): error TS17004: Cannot use JSX unless the '--jsx' flag is provided.
app/index.tsx(626,23): error TS17004: Cannot use JSX unless the '--jsx' flag is provided.
app/index.tsx(631,15): error TS17004: Cannot use JSX unless the '--jsx' flag is provided.
app/index.tsx(631,81): error TS17004: Cannot use JSX unless the '--jsx' flag is provided.
app/index.tsx(636,13): error TS17004: Cannot use JSX unless the '--jsx' flag is provided.
app/index.tsx(637,15): error TS17004: Cannot use JSX unless the '--jsx' flag is provided.
app/index.tsx(638,15): error TS17004: Cannot use JSX unless the '--jsx' flag is provided.
app/index.tsx(639,17): error TS17004: Cannot use JSX unless the '--jsx' flag is provided.
app/index.tsx(640,17): error TS17004: Cannot use JSX unless the '--jsx' flag is provided.
app/index.tsx(643,17): error TS17004: Cannot use JSX unless the '--jsx' flag is provided.
app/index.tsx(645,21): error TS17004: Cannot use JSX unless the '--jsx' flag is provided.
app/index.tsx(646,23): error TS17004: Cannot use JSX unless the '--jsx' flag is provided.
app/index.tsx(651,15): error TS17004: Cannot use JSX unless the '--jsx' flag is provided.
app/index.tsx(651,81): error TS17004: Cannot use JSX unless the '--jsx' flag is provided.
app/index.tsx(659,7): error TS17004: Cannot use JSX unless the '--jsx' flag is provided.
app/index.tsx(660,9): error TS17004: Cannot use JSX unless the '--jsx' flag is provided.
app/index.tsx(661,11): error TS17004: Cannot use JSX unless the '--jsx' flag is provided.
app/index.tsx(662,13): error TS17004: Cannot use JSX unless the '--jsx' flag is provided.
app/index.tsx(662,46): error TS17004: Cannot use JSX unless the '--jsx' flag is provided.
app/index.tsx(662,106): error TS17004: Cannot use JSX unless the '--jsx' flag is provided.
app/index.tsx(662,162): error TS17004: Cannot use JSX unless the '--jsx' flag is provided.
app/index.tsx(663,13): error TS17004: Cannot use JSX unless the '--jsx' flag is provided.
app/index.tsx(664,15): error TS17004: Cannot use JSX unless the '--jsx' flag is provided.
app/index.tsx(664,21): error TS2769: No overload matches this call.
  Overload 1 of 2, '(props: ViewProps): View', gave the following error.
    Type '{ key: number; style: ({ flexDirection: "row"; padding: number; backgroundColor: string; borderRadius: number; marginBottom: number; alignItems: "center"; } | { borderColor: string; borderWidth: number; })[]; }' is not assignable to type 'ViewProps'.
      Property 'key' does not exist on type 'ViewProps'.
  Overload 2 of 2, '(props: ViewProps, context: any): View', gave the following error.
    Type '{ key: number; style: ({ flexDirection: "row"; padding: number; backgroundColor: string; borderRadius: number; marginBottom: number; alignItems: "center"; } | { borderColor: string; borderWidth: number; })[]; }' is not assignable to type 'ViewProps'.
      Property 'key' does not exist on type 'ViewProps'.
app/index.tsx(665,17): error TS17004: Cannot use JSX unless the '--jsx' flag is provided.
app/index.tsx(665,63): error TS17004: Cannot use JSX unless the '--jsx' flag is provided.
app/index.tsx(665,129): error TS17004: Cannot use JSX unless the '--jsx' flag is provided.
app/index.tsx(672,7): error TS17004: Cannot use JSX unless the '--jsx' flag is provided.
app/index.tsx(673,9): error TS17004: Cannot use JSX unless the '--jsx' flag is provided.
app/index.tsx(674,11): error TS17004: Cannot use JSX unless the '--jsx' flag is provided.
app/index.tsx(675,13): error TS17004: Cannot use JSX unless the '--jsx' flag is provided.
app/index.tsx(675,46): error TS17004: Cannot use JSX unless the '--jsx' flag is provided.
app/index.tsx(675,100): error TS17004: Cannot use JSX unless the '--jsx' flag is provided.
app/index.tsx(675,158): error TS17004: Cannot use JSX unless the '--jsx' flag is provided.
app/index.tsx(676,13): error TS17004: Cannot use JSX unless the '--jsx' flag is provided.
app/index.tsx(677,15): error TS17004: Cannot use JSX unless the '--jsx' flag is provided.
app/index.tsx(677,44): error TS17004: Cannot use JSX unless the '--jsx' flag is provided.
app/index.tsx(677,94): error TS17004: Cannot use JSX unless the '--jsx' flag is provided.
app/index.tsx(684,9): error TS17004: Cannot use JSX unless the '--jsx' flag is provided.
app/index.tsx(685,11): error TS17004: Cannot use JSX unless the '--jsx' flag is provided.
app/index.tsx(686,13): error TS17004: Cannot use JSX unless the '--jsx' flag is provided.
app/index.tsx(687,15): error TS17004: Cannot use JSX unless the '--jsx' flag is provided.
app/index.tsx(687,92): error TS17004: Cannot use JSX unless the '--jsx' flag is provided.
app/index.tsx(689,15): error TS17004: Cannot use JSX unless the '--jsx' flag is provided.
app/index.tsx(690,17): error TS17004: Cannot use JSX unless the '--jsx' flag is provided.
app/index.tsx(691,19): error TS17004: Cannot use JSX unless the '--jsx' flag is provided.
app/index.tsx(705,5): error TS17004: Cannot use JSX unless the '--jsx' flag is provided.
app/index.tsx(706,7): error TS17004: Cannot use JSX unless the '--jsx' flag is provided.
app/index.tsx(707,9): error TS17004: Cannot use JSX unless the '--jsx' flag is provided.
app/index.tsx(708,20): error TS17004: Cannot use JSX unless the '--jsx' flag is provided.
app/index.tsx(708,87): error TS17004: Cannot use JSX unless the '--jsx' flag is provided.
app/index.tsx(709,11): error TS17004: Cannot use JSX unless the '--jsx' flag is provided.
app/index.tsx(718,5): error TS17004: Cannot use JSX unless the '--jsx' flag is provided.
app/index.tsx(719,7): error TS17004: Cannot use JSX unless the '--jsx' flag is provided.
app/index.tsx(720,7): error TS17004: Cannot use JSX unless the '--jsx' flag is provided.
node_modules/@expo/vector-icons/build/createIconSet.d.ts(1,8): error TS1259: Module '"C:/iglesia-app/node_modules/@types/react/index"' can only be default-imported using the 'esModuleInterop' flag
node_modules/@expo/vector-icons/build/createIconSet.d.ts(25,18): error TS2320: Interface 'IconButtonProps<GLYPHS>' cannot simultaneously extend types 'IconProps<GLYPHS>' and 'TouchableHighlightProps'.
  Named property 'pressRetentionOffset' of types 'IconProps<GLYPHS>' and 'TouchableHighlightProps' are not identical.
node_modules/@react-navigation/core/lib/typescript/src/StaticNavigation.d.ts(35,27): error TS2315: Type 'StaticParamList' is not generic.
node_modules/@react-navigation/core/lib/typescript/src/StaticNavigation.d.ts(35,137): error TS2315: Type 'StaticParamList' is not generic.
node_modules/@react-navigation/core/lib/typescript/src/StaticNavigation.d.ts(130,13): error TS2456: Type alias 'StaticParamList' circularly references itself.
node_modules/@react-navigation/core/lib/typescript/src/useNavigationBuilder.d.ts(86,136): error TS2344: Type 'Omit<{ dispatch(action: Readonly<{ type: string; payload?: object; source?: string; target?: string; }> | ((state: Readonly<State>) => Readonly<{ type: string; payload?: object; source?: string; target?: string; }>)): void; ... 9 more ...; getState(): State; } & PrivateValueStore<...>, "getParent"> & ... 4 more ... ...' does not satisfy the constraint 'NavigationProp<any, any, any, any, any, any>'.
  Type 'Omit<{ dispatch(action: Readonly<{ type: string; payload?: object; source?: string; target?: string; }> | ((state: Readonly<State>) => Readonly<{ type: string; payload?: object; source?: string; target?: string; }>)): void; ... 9 more ...; getState(): State; } & PrivateValueStore<...>, "getParent"> & ... 4 more ... ...' is not assignable to type 'Omit<NavigationHelpersCommon<any, any>, "getParent">'.
    Types of property 'preload' are incompatible.
      Type '<RouteName extends string>(...args: RouteName extends unknown ? [screen: RouteName, params?: object] : never) => void' is not assignable to type '<RouteName extends string | number | symbol>(...args: RouteName extends unknown ? [screen: RouteName, params?: any] : never) => void'.
        Types of parameters 'screen' and 'args' are incompatible.
          Type 'RouteName extends unknown ? [screen: RouteName, params?: any] : never' is not assignable to type '[screen: string, params?: object]'.
            Type '[screen: string, params?: any] | [screen: number, params?: any] | [screen: symbol, params?: any]' is not assignable to type '[screen: string, params?: object]'.
              Type '[screen: number, params?: any]' is not assignable to type '[screen: string, params?: object]'.
                Type at position 0 in source is not compatible with type at position 0 in target.
                  Type 'number' is not assignable to type 'string'.
node_modules/@react-navigation/core/lib/typescript/src/useNavigationBuilder.d.ts(138,77): error TS2344: Type 'Omit<{ dispatch(action: Readonly<{ type: string; payload?: object; source?: string; target?: string; }> | ((state: Readonly<State>) => Readonly<{ type: string; payload?: object; source?: string; target?: string; }>)): void; ... 9 more ...; getState(): State; } & PrivateValueStore<...>, "getParent"> & ... 4 more ... ...' does not satisfy the constraint 'NavigationProp<any, any, any, any, any, any>'.
  Type 'Omit<{ dispatch(action: Readonly<{ type: string; payload?: object; source?: string; target?: string; }> | ((state: Readonly<State>) => Readonly<{ type: string; payload?: object; source?: string; target?: string; }>)): void; ... 9 more ...; getState(): State; } & PrivateValueStore<...>, "getParent"> & ... 4 more ... ...' is not assignable to type 'Omit<NavigationHelpersCommon<any, any>, "getParent">'.
    Types of property 'preload' are incompatible.
      Type '<RouteName extends string>(...args: RouteName extends unknown ? [screen: RouteName, params?: object] : never) => void' is not assignable to type '<RouteName extends string | number | symbol>(...args: RouteName extends unknown ? [screen: RouteName, params?: any] : never) => void'.
        Types of parameters 'screen' and 'args' are incompatible.
          Type 'RouteName extends unknown ? [screen: RouteName, params?: any] : never' is not assignable to type '[screen: string, params?: object]'.
            Type '[screen: string, params?: any] | [screen: number, params?: any] | [screen: symbol, params?: any]' is not assignable to type '[screen: string, params?: object]'.
              Type '[screen: number, params?: any]' is not assignable to type '[screen: string, params?: object]'.
                Type at position 0 in source is not compatible with type at position 0 in target.
                  Type 'number' is not assignable to type 'string'.
node_modules/@react-navigation/native-stack/lib/typescript/src/types.d.ts(3,58): error TS2305: Module '"react-native-screens"' has no exported member 'ScrollEdgeEffect'.
node_modules/@types/node/module.d.ts(804,13): error TS2403: Subsequent variable declarations must have the same type.  Variable 'require' must be of type 'NodeRequire', but here has type 'Require'.
node_modules/expo-modules-core/build/NativeViewManagerAdapter.d.ts(1,8): error TS1259: Module '"C:/iglesia-app/node_modules/@types/react/index"' can only be default-imported using the 'esModuleInterop' flag
node_modules/expo-router/build/ExpoRoot.d.ts(1,8): error TS1259: Module '"C:/iglesia-app/node_modules/@types/react/index"' can only be default-imported using the 'esModuleInterop' flag
node_modules/expo-router/build/layouts/TabsClient.d.ts(3,8): error TS1259: Module '"C:/iglesia-app/node_modules/@types/react/index"' can only be default-imported using the 'esModuleInterop' flag
node_modules/expo-router/build/layouts/TabsClient.d.ts(16,210): error TS2344: Type 'unknown' does not satisfy the constraint 'boolean'.
node_modules/expo-router/build/layouts/TabsClient.d.ts(17,216): error TS2344: Type 'unknown' does not satisfy the constraint 'boolean'.
node_modules/expo-router/build/layouts/TabsClient.d.ts(18,212): error TS2344: Type 'unknown' does not satisfy the constraint 'boolean'.
node_modules/expo-router/build/layouts/TabsClient.d.ts(19,196): error TS2344: Type 'unknown' does not satisfy the constraint 'boolean'.
node_modules/expo-router/build/layouts/TabsClient.d.ts(20,194): error TS2344: Type 'unknown' does not satisfy the constraint 'boolean'.
node_modules/expo-router/build/layouts/TabsClient.d.ts(21,196): error TS2344: Type 'unknown' does not satisfy the constraint 'boolean'.
node_modules/expo-router/build/layouts/TabsClient.d.ts(28,210): error TS2344: Type 'unknown' does not satisfy the constraint 'boolean'.
node_modules/expo-router/build/layouts/TabsClient.d.ts(29,216): error TS2344: Type 'unknown' does not satisfy the constraint 'boolean'.
node_modules/expo-router/build/layouts/TabsClient.d.ts(30,212): error TS2344: Type 'unknown' does not satisfy the constraint 'boolean'.
node_modules/expo-router/build/layouts/TabsClient.d.ts(31,196): error TS2344: Type 'unknown' does not satisfy the constraint 'boolean'.
node_modules/expo-router/build/layouts/TabsClient.d.ts(32,194): error TS2344: Type 'unknown' does not satisfy the constraint 'boolean'.
node_modules/expo-router/build/layouts/TabsClient.d.ts(33,196): error TS2344: Type 'unknown' does not satisfy the constraint 'boolean'.
node_modules/expo-router/build/layouts/TabsClient.d.ts(65,210): error TS2344: Type 'unknown' does not satisfy the constraint 'boolean'.
node_modules/expo-router/build/layouts/TabsClient.d.ts(66,216): error TS2344: Type 'unknown' does not satisfy the constraint 'boolean'.
node_modules/expo-router/build/layouts/TabsClient.d.ts(67,212): error TS2344: Type 'unknown' does not satisfy the constraint 'boolean'.
node_modules/expo-router/build/layouts/TabsClient.d.ts(68,196): error TS2344: Type 'unknown' does not satisfy the constraint 'boolean'.
node_modules/expo-router/build/layouts/TabsClient.d.ts(69,194): error TS2344: Type 'unknown' does not satisfy the constraint 'boolean'.
node_modules/expo-router/build/layouts/TabsClient.d.ts(70,196): error TS2344: Type 'unknown' does not satisfy the constraint 'boolean'.
node_modules/expo-router/build/layouts/TabsClient.d.ts(77,210): error TS2344: Type 'unknown' does not satisfy the constraint 'boolean'.
node_modules/expo-router/build/layouts/TabsClient.d.ts(78,216): error TS2344: Type 'unknown' does not satisfy the constraint 'boolean'.
node_modules/expo-router/build/layouts/TabsClient.d.ts(79,212): error TS2344: Type 'unknown' does not satisfy the constraint 'boolean'.
node_modules/expo-router/build/layouts/TabsClient.d.ts(80,196): error TS2344: Type 'unknown' does not satisfy the constraint 'boolean'.
node_modules/expo-router/build/layouts/TabsClient.d.ts(81,194): error TS2344: Type 'unknown' does not satisfy the constraint 'boolean'.
node_modules/expo-router/build/layouts/TabsClient.d.ts(82,196): error TS2344: Type 'unknown' does not satisfy the constraint 'boolean'.
node_modules/expo-router/build/layouts/TabsClient.d.ts(109,210): error TS2344: Type 'unknown' does not satisfy the constraint 'boolean'.
node_modules/expo-router/build/layouts/TabsClient.d.ts(110,216): error TS2344: Type 'unknown' does not satisfy the constraint 'boolean'.
node_modules/expo-router/build/layouts/TabsClient.d.ts(111,212): error TS2344: Type 'unknown' does not satisfy the constraint 'boolean'.
node_modules/expo-router/build/layouts/TabsClient.d.ts(112,196): error TS2344: Type 'unknown' does not satisfy the constraint 'boolean'.
node_modules/expo-router/build/layouts/TabsClient.d.ts(113,194): error TS2344: Type 'unknown' does not satisfy the constraint 'boolean'.
node_modules/expo-router/build/layouts/TabsClient.d.ts(114,196): error TS2344: Type 'unknown' does not satisfy the constraint 'boolean'.
node_modules/expo-router/build/layouts/TabsClient.d.ts(121,210): error TS2344: Type 'unknown' does not satisfy the constraint 'boolean'.
node_modules/expo-router/build/layouts/TabsClient.d.ts(122,216): error TS2344: Type 'unknown' does not satisfy the constraint 'boolean'.
node_modules/expo-router/build/layouts/TabsClient.d.ts(123,212): error TS2344: Type 'unknown' does not satisfy the constraint 'boolean'.
node_modules/expo-router/build/layouts/TabsClient.d.ts(124,196): error TS2344: Type 'unknown' does not satisfy the constraint 'boolean'.
node_modules/expo-router/build/layouts/TabsClient.d.ts(125,194): error TS2344: Type 'unknown' does not satisfy the constraint 'boolean'.
node_modules/expo-router/build/layouts/TabsClient.d.ts(126,196): error TS2344: Type 'unknown' does not satisfy the constraint 'boolean'.
node_modules/expo-router/build/link/elements.d.ts(1,8): error TS1259: Module '"C:/iglesia-app/node_modules/@types/react/index"' can only be default-imported using the 'esModuleInterop' flag
node_modules/expo-router/build/useScreens.d.ts(2,8): error TS1259: Module '"C:/iglesia-app/node_modules/@types/react/index"' can only be default-imported using the 'esModuleInterop' flag
node_modules/expo-router/build/views/Sitemap.d.ts(2,8): error TS1259: Module '"C:/iglesia-app/node_modules/@types/react/index"' can only be default-imported using the 'esModuleInterop' flag
node_modules/expo-router/build/views/Try.d.ts(1,8): error TS1259: Module '"C:/iglesia-app/node_modules/@types/react/index"' can only be default-imported using the 'esModuleInterop' flag
node_modules/expo-router/build/views/Unmatched.d.ts(1,8): error TS1259: Module '"C:/iglesia-app/node_modules/@types/react/index"' can only be default-imported using the 'esModuleInterop' flag
node_modules/react-native-screens/lib/typescript/components/bottom-tabs/BottomTabs.d.ts(1,8): error TS1259: Module '"C:/iglesia-app/node_modules/@types/react/index"' can only be default-imported using the 'esModuleInterop' flag
node_modules/react-native-screens/lib/typescript/components/bottom-tabs/BottomTabsScreen.d.ts(1,8): error TS1259: Module '"C:/iglesia-app/node_modules/@types/react/index"' can only be default-imported using the 'esModuleInterop' flag
node_modules/react-native-screens/lib/typescript/components/FullWindowOverlay.d.ts(1,8): error TS1259: Module '"C:/iglesia-app/node_modules/@types/react/index"' can only be default-imported using the 'esModuleInterop' flag
node_modules/react-native-screens/lib/typescript/components/gamma/ScreenStackHost.d.ts(1,8): error TS1259: Module '"C:/iglesia-app/node_modules/@types/react/index"' can only be default-imported using the 'esModuleInterop' flag
node_modules/react-native-screens/lib/typescript/components/gamma/SplitViewHost.d.ts(1,8): error TS1259: Module '"C:/iglesia-app/node_modules/@types/react/index"' can only be default-imported using the 'esModuleInterop' flag
node_modules/react-native-screens/lib/typescript/components/gamma/SplitViewScreen.d.ts(1,8): error TS1259: Module '"C:/iglesia-app/node_modules/@types/react/index"' can only be default-imported using the 'esModuleInterop' flag
node_modules/react-native-screens/lib/typescript/components/gamma/StackScreen.d.ts(1,8): error TS1259: Module '"C:/iglesia-app/node_modules/@types/react/index"' can only be default-imported using the 'esModuleInterop' flag
node_modules/react-native-screens/lib/typescript/components/Screen.d.ts(1,8): error TS1259: Module '"C:/iglesia-app/node_modules/@types/react/index"' can only be default-imported using the 'esModuleInterop' flag
node_modules/react-native-screens/lib/typescript/components/ScreenContainer.d.ts(1,8): error TS1259: Module '"C:/iglesia-app/node_modules/@types/react/index"' can only be default-imported using the 'esModuleInterop' flag
node_modules/react-native-screens/lib/typescript/components/ScreenContentWrapper.d.ts(1,8): error TS1259: Module '"C:/iglesia-app/node_modules/@types/react/index"' can only be default-imported using the 'esModuleInterop' flag
node_modules/react-native-screens/lib/typescript/components/ScreenFooter.d.ts(1,8): error TS1259: Module '"C:/iglesia-app/node_modules/@types/react/index"' can only be default-imported using the 'esModuleInterop' flag
node_modules/react-native-screens/lib/typescript/components/ScreenStack.d.ts(1,8): error TS1259: Module '"C:/iglesia-app/node_modules/@types/react/index"' can only be default-imported using the 'esModuleInterop' flag
node_modules/react-native-screens/lib/typescript/components/ScreenStackHeaderConfig.d.ts(1,8): error TS1259: Module '"C:/iglesia-app/node_modules/@types/react/index"' can only be default-imported using the 'esModuleInterop' flag
node_modules/react-native-screens/lib/typescript/components/ScreenStackHeaderConfig.d.ts(7,79): error TS2503: Cannot find namespace 'JSX'.
node_modules/react-native-screens/lib/typescript/components/ScreenStackHeaderConfig.d.ts(8,72): error TS2503: Cannot find namespace 'JSX'.
node_modules/react-native-screens/lib/typescript/components/ScreenStackHeaderConfig.d.ts(9,71): error TS2503: Cannot find namespace 'JSX'.
node_modules/react-native-screens/lib/typescript/components/ScreenStackHeaderConfig.d.ts(10,73): error TS2503: Cannot find namespace 'JSX'.
node_modules/react-native-screens/lib/typescript/components/ScreenStackHeaderConfig.d.ts(11,76): error TS2503: Cannot find namespace 'JSX'.
node_modules/react-native-screens/lib/typescript/components/SearchBar.d.ts(1,8): error TS1259: Module '"C:/iglesia-app/node_modules/@types/react/index"' can only be default-imported using the 'esModuleInterop' flag
node_modules/react-native-screens/lib/typescript/native-stack/types.d.ts(72,155): error TS2344: Type 'StackNavigationState<ParamList>' does not satisfy the constraint 'string'.
node_modules/react-native-screens/lib/typescript/native-stack/types.d.ts(537,41): error TS2314: Generic type 'DefaultNavigatorOptions' requires 6 type argument(s).
node_modules/react-native-screens/lib/typescript/native-stack/types.d.ts(541,37): error TS2314: Generic type 'Descriptor' requires 3 type argument(s).
node_modules/react-native-screens/lib/typescript/types.d.ts(1,8): error TS1259: Module '"C:/iglesia-app/node_modules/@types/react/index"' can only be default-imported using the 'esModuleInterop' flag
node_modules/react-native/src/types/globals.d.ts(10,1): error TS6200: Definitions of the following identifiers conflict with those in another file: EndingType, BlobPart, BufferSource, FormData, RequestInfo, XMLHttpRequestResponseType, AbortSignal, AbortController
node_modules/react-native/src/types/globals.d.ts(166,7): error TS2403: Subsequent variable declarations must have the same type.  Variable 'Blob' must be of type '{ new (blobParts?: BlobPart[], options?: BlobPropertyBag): Blob; prototype: Blob; }', but here has type '{ new (blobParts?: (string | Blob)[], options?: BlobOptions): Blob; prototype: Blob; }'.
node_modules/react-native/src/types/globals.d.ts(180,7): error TS2403: Subsequent variable declarations must have the same type.  Variable 'File' must be of type '{ new (fileBits: BlobPart[], fileName: string, options?: FilePropertyBag): File; prototype: File; }', but here has type '{ new (fileParts: BlobPart[], name: string, options?: FilePropertyBag): File; prototype: File; }'.
node_modules/react-native/src/types/globals.d.ts(266,5): error TS2717: Subsequent property declarations must have the same type.  Property 'body' must be of type 'BodyInit', but here has type 'BodyInit_'.
node_modules/react-native/src/types/globals.d.ts(275,5): error TS2717: Subsequent property declarations must have the same type.  Property 'signal' must be of type 'AbortSignal', but here has type 'AbortSignal'.
node_modules/react-native/src/types/globals.d.ts(285,14): error TS2717: Subsequent property declarations must have the same type.  Property 'signal' must be of type 'AbortSignal', but here has type 'AbortSignal'.
node_modules/react-native/src/types/globals.d.ts(289,7): error TS2403: Subsequent variable declarations must have the same type.  Variable 'Request' must be of type '{ new (input: RequestInfo | URL, init?: RequestInit): Request; prototype: Request; }', but here has type '{ new (input: string | Request, init?: RequestInit): Request; prototype: Request; }'.
node_modules/react-native/src/types/globals.d.ts(313,7): error TS2403: Subsequent variable declarations must have the same type.  Variable 'Response' must be of type '{ new (body?: BodyInit, init?: ResponseInit): Response; prototype: Response; error(): Response; json(data: any, init?: ResponseInit): Response; redirect(url: string | URL, status?: number): Response; }', but here has type '{ new (body?: BodyInit_, init?: ResponseInit): Response; prototype: Response; error(): Response; json(data: any, init?: ResponseInit): Response; redirect: (url: string | URL, status?: number) => Response; }'.
node_modules/react-native/src/types/globals.d.ts(398,5): error TS2717: Subsequent property declarations must have the same type.  Property 'abort' must be of type 'ProgressEvent<XMLHttpRequestEventTarget>', but here has type 'ProgressEvent<EventTarget>'.
node_modules/react-native/src/types/globals.d.ts(399,5): error TS2717: Subsequent property declarations must have the same type.  Property 'error' must be of type 'ProgressEvent<XMLHttpRequestEventTarget>', but here has type 'ProgressEvent<EventTarget>'.
node_modules/react-native/src/types/globals.d.ts(400,5): error TS2717: Subsequent property declarations must have the same type.  Property 'load' must be of type 'ProgressEvent<XMLHttpRequestEventTarget>', but here has type 'ProgressEvent<EventTarget>'.
node_modules/react-native/src/types/globals.d.ts(401,5): error TS2717: Subsequent property declarations must have the same type.  Property 'loadend' must be of type 'ProgressEvent<XMLHttpRequestEventTarget>', but here has type 'ProgressEvent<EventTarget>'.
node_modules/react-native/src/types/globals.d.ts(402,5): error TS2717: Subsequent property declarations must have the same type.  Property 'loadstart' must be of type 'ProgressEvent<XMLHttpRequestEventTarget>', but here has type 'ProgressEvent<EventTarget>'.
node_modules/react-native/src/types/globals.d.ts(403,5): error TS2717: Subsequent property declarations must have the same type.  Property 'progress' must be of type 'ProgressEvent<XMLHttpRequestEventTarget>', but here has type 'ProgressEvent<EventTarget>'.
node_modules/react-native/src/types/globals.d.ts(404,5): error TS2717: Subsequent property declarations must have the same type.  Property 'timeout' must be of type 'ProgressEvent<XMLHttpRequestEventTarget>', but here has type 'ProgressEvent<EventTarget>'.
node_modules/react-native/src/types/globals.d.ts(471,7): error TS2403: Subsequent variable declarations must have the same type.  Variable 'URL' must be of type '{ new (url: string | URL, base?: string | URL): URL; prototype: URL; canParse(url: string | URL, base?: string | URL): boolean; createObjectURL(obj: Blob | MediaSource): string; parse(url: string | URL, base?: string | URL): URL; revokeObjectURL(url: string): void; }', but here has type '{ new (url: string | URL, base?: string | URL): URL; prototype: URL; createObjectURL(obj: Blob): string; revokeObjectURL(url: string): void; }'.
node_modules/react-native/src/types/globals.d.ts(534,5): error TS2717: Subsequent property declarations must have the same type.  Property 'onopen' must be of type '(this: WebSocket, ev: Event) => any', but here has type '() => void'.
node_modules/react-native/src/types/globals.d.ts(535,5): error TS2717: Subsequent property declarations must have the same type.  Property 'onmessage' must be of type '(this: WebSocket, ev: MessageEvent<any>) => any', but here has type '(event: WebSocketMessageEvent) => void'.
node_modules/react-native/src/types/globals.d.ts(536,5): error TS2717: Subsequent property declarations must have the same type.  Property 'onerror' must be of type '(this: WebSocket, ev: Event) => any', but here has type '(event: WebSocketErrorEvent) => void'.
node_modules/react-native/src/types/globals.d.ts(537,5): error TS2717: Subsequent property declarations must have the same type.  Property 'onclose' must be of type '(this: WebSocket, ev: CloseEvent) => any', but here has type '(event: WebSocketCloseEvent) => void'.
node_modules/react-native/src/types/globals.d.ts(538,5): error TS2717: Subsequent property declarations must have the same type.  Property 'addEventListener' must be of type '{ <K extends keyof WebSocketEventMap>(type: K, listener: (this: WebSocket, ev: WebSocketEventMap[K]) => any, options?: boolean | AddEventListenerOptions): void; (type: string, listener: EventListenerOrEventListenerObject, options?: boolean | AddEventListenerOptions): void; }', but here has type 'WebsocketEventListener'.
node_modules/react-native/src/types/globals.d.ts(539,5): error TS2717: Subsequent property declarations must have the same type.  Property 'removeEventListener' must be of type '{ <K extends keyof WebSocketEventMap>(type: K, listener: (this: WebSocket, ev: WebSocketEventMap[K]) => any, options?: boolean | EventListenerOptions): void; (type: string, listener: EventListenerOrEventListenerObject, options?: boolean | EventListenerOptions): void; }', but here has type 'WebsocketEventListener'.
node_modules/react-native/src/types/globals.d.ts(542,7): error TS2403: Subsequent variable declarations must have the same type.  Variable 'WebSocket' must be of type '{ new (url: string | URL, protocols?: string | string[]): WebSocket; prototype: WebSocket; readonly CONNECTING: 0; readonly OPEN: 1; readonly CLOSING: 2; readonly CLOSED: 3; }', but here has type '{ new (uri: string, protocols?: string | string[], options?: { [optionName: string]: any; headers: { [headerName: string]: string; }; }): WebSocket; prototype: WebSocket; readonly CLOSED: number; readonly CLOSING: number; readonly CONNECTING: number; readonly OPEN: number; }'.
node_modules/react-native/src/types/globals.d.ts(627,14): error TS2717: Subsequent property declarations must have the same type.  Property 'error' must be of type 'DOMException', but here has type 'Error'.
node_modules/react-native/src/types/globals.d.ts(640,14): error TS2717: Subsequent property declarations must have the same type.  Property 'readyState' must be of type '0 | 2 | 1', but here has type 'number'.
node_modules/typescript/lib/lib.dom.d.ts(23,1): error TS6200: Definitions of the following identifiers conflict with those in another file: EndingType, BlobPart, BufferSource, FormData, RequestInfo, XMLHttpRequestResponseType, AbortSignal, AbortController
node_modules/typescript/lib/lib.dom.d.ts(32640,11): error TS2430: Interface 'URL' incorrectly extends interface 'import("node:url").URL'.
  The types returned by 'searchParams[Symbol.iterator]()' are incompatible between these types.
    Property '[Symbol.dispose]' is missing in type 'IterableIterator<[string, string]>' but required in type 'URLSearchParamsIterator<[string, string]>'.
node_modules/typescript/lib/lib.dom.d.ts(32759,11): error TS2430: Interface 'URLSearchParams' incorrectly extends interface 'import("node:url").URLSearchParams'.
  The types returned by '[Symbol.iterator]()' are incompatible between these types.
    Property '[Symbol.dispose]' is missing in type 'IterableIterator<[string, string]>' but required in type 'URLSearchParamsIterator<[string, string]>'.
